// Jest Snapshot v1, https://goo.gl/fbAQLP

exports[`Console Canvas can render the world 1`] = `
Array [
  Array [
    " ",
    " ",
    " ",
    " ",
    " ",
    " ",
    " ",
    " ",
    " ",
    " ",
  ],
  Array [
    " ",
    " ",
    " ",
    " ",
    " ",
    " ",
    " ",
    " ",
    " ",
    " ",
  ],
  Array [
    " ",
    " ",
    " ",
    " ",
    " ",
    " ",
    " ",
    " ",
    " ",
    " ",
  ],
  Array [
    " ",
    " ",
    " ",
    " ",
    " ",
    " ",
    " ",
    " ",
    " ",
    " ",
  ],
  Array [
    " ",
    " ",
    " ",
    " ",
    " ",
    "o",
    " ",
    " ",
    " ",
    " ",
  ],
  Array [
    " ",
    " ",
    " ",
    " ",
    " ",
    " ",
    "o",
    " ",
    " ",
    " ",
  ],
  Array [
    " ",
    " ",
    " ",
    " ",
    "o",
    "o",
    "o",
    " ",
    " ",
    " ",
  ],
  Array [
    " ",
    " ",
    " ",
    " ",
    " ",
    " ",
    " ",
    " ",
    " ",
    " ",
  ],
  Array [
    " ",
    " ",
    " ",
    " ",
    " ",
    " ",
    " ",
    " ",
    " ",
    " ",
  ],
  Array [
    " ",
    " ",
    " ",
    " ",
    " ",
    " ",
    " ",
    " ",
    " ",
    " ",
  ],
]
`;
